[siat.impuestos.gob.bo/consulta/javax.faces.resource/jquery/jquery.js47a8.xhtml]
[siat.impuestos.gob.bo/consulta/javax.faces.resource/jquery/jquery-plugins.js47a8.xhtml]
[siat.impuestos.gob.bo/consulta/javax.faces.resource/core.js47a8.xhtml]
[siat.impuestos.gob.bo/consulta/javax.faces.resource/components.js47a8.xhtml]
[siat.impuestos.gob.bo/consulta/javax.faces.resource/idlemonitor/idlemonitor.js47a8.xhtml]
[siat.impuestos.gob.bo/consulta/javax.faces.resource/js/toastr.min.jsf559.xhtml]
[siat.impuestos.gob.bo/consulta/javax.faces.resource/js/showcase.jsf559.xhtml]
[siat.impuestos.gob.bo/consulta/javax.faces.resource/bootstrap.min.js8490.xhtml]
[siat.impuestos.gob.bo/consulta/javax.faces.resource/admin-lte.min.js8490.xhtml]
[siat.impuestos.gob.bo/consulta/javax.faces.resource/admintemplate.js8490.xhtml]
[siat.impuestos.gob.bo/consulta/javax.faces.resource/slideout.min.js8490.xhtml]
[siat.impuestos.gob.bo/consulta/javax.faces.resource/adminslide.js8490.xhtml]
[siat.impuestos.gob.bo/consulta/javax.faces.resource/validation/validation.js47a8.xhtml]
[backblue.gif]
[fade.gif]
[index.html]
[siat.impuestos.gob.bo/consulta/javax.faces.resource/common/images/favicon.ico.ico]
[siat.impuestos.gob.bo/consulta/javax.faces.resource/js/cookie.jsf559.xhtml]
[siat.impuestos.gob.bo/consulta/javax.faces.resource/ajaxloadingbar.giff75c.gif]
[siat.impuestos.gob.bo/consulta/javax.faces.resource/images/LOGO-SIAT-MIN.pngf559.png]
[siat.impuestos.gob.bo/consulta/javax.faces.resource/images/LOGO-SIAT.pngf559.png]
[siat.impuestos.gob.bo/consulta/QR1485.html]
[siat.impuestos.gob.bo/consulta/fonts/roboto-condensed-v17-vietnamese_latin-ext_greek-ext_cyrillic-ext_latin_cyrillic_greek-300.eot]
[siat.impuestos.gob.bo/consulta/fonts/roboto-condensed-v17-vietnamese_latin-ext_greek-ext_cyrillic-ext_latin_cyrillic_greek-300d41d.eot]
[siat.impuestos.gob.bo/consulta/fonts/roboto-condensed-v17-vietnamese_latin-ext_greek-ext_cyrillic-ext_latin_cyrillic_greek-300.woff2]
[siat.impuestos.gob.bo/consulta/fonts/roboto-condensed-v17-vietnamese_latin-ext_greek-ext_cyrillic-ext_latin_cyrillic_greek-300.woff]
[siat.impuestos.gob.bo/consulta/fonts/roboto-condensed-v17-vietnamese_latin-ext_greek-ext_cyrillic-ext_latin_cyrillic_greek-300.ttf]
[siat.impuestos.gob.bo/consulta/fonts/roboto-condensed-v17-vietnamese_latin-ext_greek-ext_cyrillic-ext_latin_cyrillic_greek-300italic.eot]
[siat.impuestos.gob.bo/consulta/fonts/roboto-condensed-v17-vietnamese_latin-ext_greek-ext_cyrillic-ext_latin_cyrillic_greek-300italicd41d.eot]
[siat.impuestos.gob.bo/consulta/fonts/roboto-condensed-v17-vietnamese_latin-ext_greek-ext_cyrillic-ext_latin_cyrillic_greek-300italic.woff2]
[siat.impuestos.gob.bo/consulta/fonts/roboto-condensed-v17-vietnamese_latin-ext_greek-ext_cyrillic-ext_latin_cyrillic_greek-300italic.woff]
[siat.impuestos.gob.bo/consulta/fonts/roboto-condensed-v17-vietnamese_latin-ext_greek-ext_cyrillic-ext_latin_cyrillic_greek-300italic.ttf]
[siat.impuestos.gob.bo/consulta/fonts/roboto-condensed-v17-vietnamese_latin-ext_greek-ext_cyrillic-ext_latin_cyrillic_greek-regular.eot]
[siat.impuestos.gob.bo/consulta/fonts/roboto-condensed-v17-vietnamese_latin-ext_greek-ext_cyrillic-ext_latin_cyrillic_greek-regulard41d.eot]
[siat.impuestos.gob.bo/consulta/fonts/roboto-condensed-v17-vietnamese_latin-ext_greek-ext_cyrillic-ext_latin_cyrillic_greek-regular.woff2]
[siat.impuestos.gob.bo/consulta/fonts/roboto-condensed-v17-vietnamese_latin-ext_greek-ext_cyrillic-ext_latin_cyrillic_greek-regular.woff]
[siat.impuestos.gob.bo/consulta/fonts/roboto-condensed-v17-vietnamese_latin-ext_greek-ext_cyrillic-ext_latin_cyrillic_greek-regular.ttf]
[siat.impuestos.gob.bo/consulta/fonts/roboto-condensed-v17-vietnamese_latin-ext_greek-ext_cyrillic-ext_latin_cyrillic_greek-italic.eot]
[siat.impuestos.gob.bo/consulta/fonts/roboto-condensed-v17-vietnamese_latin-ext_greek-ext_cyrillic-ext_latin_cyrillic_greek-italicd41d.eot]
[siat.impuestos.gob.bo/consulta/fonts/roboto-condensed-v17-vietnamese_latin-ext_greek-ext_cyrillic-ext_latin_cyrillic_greek-italic.woff2]
[siat.impuestos.gob.bo/consulta/fonts/roboto-condensed-v17-vietnamese_latin-ext_greek-ext_cyrillic-ext_latin_cyrillic_greek-italic.woff]
[siat.impuestos.gob.bo/consulta/fonts/roboto-condensed-v17-vietnamese_latin-ext_greek-ext_cyrillic-ext_latin_cyrillic_greek-italic.ttf]
[siat.impuestos.gob.bo/consulta/fonts/roboto-condensed-v17-vietnamese_latin-ext_greek-ext_cyrillic-ext_latin_cyrillic_greek-700.eot]
[siat.impuestos.gob.bo/consulta/fonts/roboto-condensed-v17-vietnamese_latin-ext_greek-ext_cyrillic-ext_latin_cyrillic_greek-700d41d.eot]
[siat.impuestos.gob.bo/consulta/fonts/roboto-condensed-v17-vietnamese_latin-ext_greek-ext_cyrillic-ext_latin_cyrillic_greek-700.woff2]
[siat.impuestos.gob.bo/consulta/fonts/roboto-condensed-v17-vietnamese_latin-ext_greek-ext_cyrillic-ext_latin_cyrillic_greek-700.woff]
[siat.impuestos.gob.bo/consulta/fonts/roboto-condensed-v17-vietnamese_latin-ext_greek-ext_cyrillic-ext_latin_cyrillic_greek-700.ttf]
[siat.impuestos.gob.bo/consulta/fonts/roboto-condensed-v17-vietnamese_latin-ext_greek-ext_cyrillic-ext_latin_cyrillic_greek-700italic.eot]
[siat.impuestos.gob.bo/consulta/fonts/roboto-condensed-v17-vietnamese_latin-ext_greek-ext_cyrillic-ext_latin_cyrillic_greek-700italicd41d.eot]
[siat.impuestos.gob.bo/consulta/fonts/roboto-condensed-v17-vietnamese_latin-ext_greek-ext_cyrillic-ext_latin_cyrillic_greek-700italic.woff2]
[siat.impuestos.gob.bo/consulta/fonts/roboto-condensed-v17-vietnamese_latin-ext_greek-ext_cyrillic-ext_latin_cyrillic_greek-700italic.woff]
[siat.impuestos.gob.bo/consulta/fonts/roboto-condensed-v17-vietnamese_latin-ext_greek-ext_cyrillic-ext_latin_cyrillic_greek-700italic.ttf]
[siat.impuestos.gob.bo/consulta/fonts/roboto-v19-vietnamese_latin-ext_greek-ext_cyrillic-ext_latin_cyrillic_greek-100.eot]
[siat.impuestos.gob.bo/consulta/fonts/roboto-v19-vietnamese_latin-ext_greek-ext_cyrillic-ext_latin_cyrillic_greek-100d41d.eot]
[siat.impuestos.gob.bo/consulta/fonts/roboto-v19-vietnamese_latin-ext_greek-ext_cyrillic-ext_latin_cyrillic_greek-100.woff2]
[siat.impuestos.gob.bo/consulta/fonts/roboto-v19-vietnamese_latin-ext_greek-ext_cyrillic-ext_latin_cyrillic_greek-100.woff]
[siat.impuestos.gob.bo/consulta/fonts/roboto-v19-vietnamese_latin-ext_greek-ext_cyrillic-ext_latin_cyrillic_greek-100.ttf]
[siat.impuestos.gob.bo/consulta/fonts/roboto-v19-vietnamese_latin-ext_greek-ext_cyrillic-ext_latin_cyrillic_greek-100italic.eot]
[siat.impuestos.gob.bo/consulta/fonts/roboto-v19-vietnamese_latin-ext_greek-ext_cyrillic-ext_latin_cyrillic_greek-100italicd41d.eot]
[siat.impuestos.gob.bo/consulta/fonts/roboto-v19-vietnamese_latin-ext_greek-ext_cyrillic-ext_latin_cyrillic_greek-100italic.woff2]
[siat.impuestos.gob.bo/consulta/fonts/roboto-v19-vietnamese_latin-ext_greek-ext_cyrillic-ext_latin_cyrillic_greek-100italic.woff]
[siat.impuestos.gob.bo/consulta/fonts/roboto-v19-vietnamese_latin-ext_greek-ext_cyrillic-ext_latin_cyrillic_greek-100italic.ttf]
[siat.impuestos.gob.bo/consulta/fonts/roboto-v19-vietnamese_latin-ext_greek-ext_cyrillic-ext_latin_cyrillic_greek-300.eot]
[siat.impuestos.gob.bo/consulta/fonts/roboto-v19-vietnamese_latin-ext_greek-ext_cyrillic-ext_latin_cyrillic_greek-300d41d.eot]
[siat.impuestos.gob.bo/consulta/fonts/roboto-v19-vietnamese_latin-ext_greek-ext_cyrillic-ext_latin_cyrillic_greek-300.woff2]
[siat.impuestos.gob.bo/consulta/fonts/roboto-v19-vietnamese_latin-ext_greek-ext_cyrillic-ext_latin_cyrillic_greek-300.woff]
[siat.impuestos.gob.bo/consulta/fonts/roboto-v19-vietnamese_latin-ext_greek-ext_cyrillic-ext_latin_cyrillic_greek-300.ttf]
[siat.impuestos.gob.bo/consulta/fonts/roboto-v19-vietnamese_latin-ext_greek-ext_cyrillic-ext_latin_cyrillic_greek-regular.eot]
[siat.impuestos.gob.bo/consulta/fonts/roboto-v19-vietnamese_latin-ext_greek-ext_cyrillic-ext_latin_cyrillic_greek-regulard41d.eot]
[siat.impuestos.gob.bo/consulta/fonts/roboto-v19-vietnamese_latin-ext_greek-ext_cyrillic-ext_latin_cyrillic_greek-regular.woff2]
[siat.impuestos.gob.bo/consulta/fonts/roboto-v19-vietnamese_latin-ext_greek-ext_cyrillic-ext_latin_cyrillic_greek-regular.woff]
[siat.impuestos.gob.bo/consulta/fonts/roboto-v19-vietnamese_latin-ext_greek-ext_cyrillic-ext_latin_cyrillic_greek-regular.ttf]
[siat.impuestos.gob.bo/consulta/fonts/roboto-v19-vietnamese_latin-ext_greek-ext_cyrillic-ext_latin_cyrillic_greek-300italic.eot]
[siat.impuestos.gob.bo/consulta/fonts/roboto-v19-vietnamese_latin-ext_greek-ext_cyrillic-ext_latin_cyrillic_greek-300italicd41d.eot]
[siat.impuestos.gob.bo/consulta/fonts/roboto-v19-vietnamese_latin-ext_greek-ext_cyrillic-ext_latin_cyrillic_greek-300italic.woff2]
[siat.impuestos.gob.bo/consulta/fonts/roboto-v19-vietnamese_latin-ext_greek-ext_cyrillic-ext_latin_cyrillic_greek-300italic.woff]
[siat.impuestos.gob.bo/consulta/fonts/roboto-v19-vietnamese_latin-ext_greek-ext_cyrillic-ext_latin_cyrillic_greek-300italic.ttf]
[siat.impuestos.gob.bo/consulta/fonts/roboto-v19-vietnamese_latin-ext_greek-ext_cyrillic-ext_latin_cyrillic_greek-italic.eot]
[siat.impuestos.gob.bo/consulta/fonts/roboto-v19-vietnamese_latin-ext_greek-ext_cyrillic-ext_latin_cyrillic_greek-italicd41d.eot]
[siat.impuestos.gob.bo/consulta/fonts/roboto-v19-vietnamese_latin-ext_greek-ext_cyrillic-ext_latin_cyrillic_greek-italic.woff2]
[siat.impuestos.gob.bo/consulta/fonts/roboto-v19-vietnamese_latin-ext_greek-ext_cyrillic-ext_latin_cyrillic_greek-italic.woff]
[siat.impuestos.gob.bo/consulta/fonts/roboto-v19-vietnamese_latin-ext_greek-ext_cyrillic-ext_latin_cyrillic_greek-italic.ttf]
[siat.impuestos.gob.bo/consulta/fonts/roboto-v19-vietnamese_latin-ext_greek-ext_cyrillic-ext_latin_cyrillic_greek-500italic.eot]
[siat.impuestos.gob.bo/consulta/fonts/roboto-v19-vietnamese_latin-ext_greek-ext_cyrillic-ext_latin_cyrillic_greek-500italicd41d.eot]
[siat.impuestos.gob.bo/consulta/fonts/roboto-v19-vietnamese_latin-ext_greek-ext_cyrillic-ext_latin_cyrillic_greek-500italic.woff2]
[siat.impuestos.gob.bo/consulta/fonts/roboto-v19-vietnamese_latin-ext_greek-ext_cyrillic-ext_latin_cyrillic_greek-500italic.woff]
[siat.impuestos.gob.bo/consulta/fonts/roboto-v19-vietnamese_latin-ext_greek-ext_cyrillic-ext_latin_cyrillic_greek-500italic.ttf]
[siat.impuestos.gob.bo/consulta/fonts/roboto-v19-vietnamese_latin-ext_greek-ext_cyrillic-ext_latin_cyrillic_greek-500.eot]
[siat.impuestos.gob.bo/consulta/fonts/roboto-v19-vietnamese_latin-ext_greek-ext_cyrillic-ext_latin_cyrillic_greek-500d41d.eot]
[siat.impuestos.gob.bo/consulta/fonts/roboto-v19-vietnamese_latin-ext_greek-ext_cyrillic-ext_latin_cyrillic_greek-500.woff2]
[siat.impuestos.gob.bo/consulta/fonts/roboto-v19-vietnamese_latin-ext_greek-ext_cyrillic-ext_latin_cyrillic_greek-500.woff]
[siat.impuestos.gob.bo/consulta/fonts/roboto-v19-vietnamese_latin-ext_greek-ext_cyrillic-ext_latin_cyrillic_greek-500.ttf]
[siat.impuestos.gob.bo/consulta/fonts/roboto-v19-vietnamese_latin-ext_greek-ext_cyrillic-ext_latin_cyrillic_greek-700italic.eot]
[siat.impuestos.gob.bo/consulta/fonts/roboto-v19-vietnamese_latin-ext_greek-ext_cyrillic-ext_latin_cyrillic_greek-700italicd41d.eot]
[siat.impuestos.gob.bo/consulta/fonts/roboto-v19-vietnamese_latin-ext_greek-ext_cyrillic-ext_latin_cyrillic_greek-700italic.woff2]
[siat.impuestos.gob.bo/consulta/fonts/roboto-v19-vietnamese_latin-ext_greek-ext_cyrillic-ext_latin_cyrillic_greek-700italic.woff]
[siat.impuestos.gob.bo/consulta/fonts/roboto-v19-vietnamese_latin-ext_greek-ext_cyrillic-ext_latin_cyrillic_greek-700italic.ttf]
[siat.impuestos.gob.bo/consulta/fonts/roboto-v19-vietnamese_latin-ext_greek-ext_cyrillic-ext_latin_cyrillic_greek-900.eot]
[siat.impuestos.gob.bo/consulta/fonts/roboto-v19-vietnamese_latin-ext_greek-ext_cyrillic-ext_latin_cyrillic_greek-900d41d.eot]
[siat.impuestos.gob.bo/consulta/fonts/roboto-v19-vietnamese_latin-ext_greek-ext_cyrillic-ext_latin_cyrillic_greek-900.woff2]
[siat.impuestos.gob.bo/consulta/fonts/roboto-v19-vietnamese_latin-ext_greek-ext_cyrillic-ext_latin_cyrillic_greek-900.woff]
[siat.impuestos.gob.bo/consulta/fonts/roboto-v19-vietnamese_latin-ext_greek-ext_cyrillic-ext_latin_cyrillic_greek-900.ttf]
[siat.impuestos.gob.bo/consulta/fonts/roboto-v19-vietnamese_latin-ext_greek-ext_cyrillic-ext_latin_cyrillic_greek-700.eot]
[siat.impuestos.gob.bo/consulta/fonts/roboto-v19-vietnamese_latin-ext_greek-ext_cyrillic-ext_latin_cyrillic_greek-700d41d.eot]
[siat.impuestos.gob.bo/consulta/fonts/roboto-v19-vietnamese_latin-ext_greek-ext_cyrillic-ext_latin_cyrillic_greek-700.woff2]
[siat.impuestos.gob.bo/consulta/fonts/roboto-v19-vietnamese_latin-ext_greek-ext_cyrillic-ext_latin_cyrillic_greek-700.woff]
[siat.impuestos.gob.bo/consulta/fonts/roboto-v19-vietnamese_latin-ext_greek-ext_cyrillic-ext_latin_cyrillic_greek-700.ttf]
[siat.impuestos.gob.bo/consulta/fonts/roboto-v19-vietnamese_latin-ext_greek-ext_cyrillic-ext_latin_cyrillic_greek-900italic.eot]
[siat.impuestos.gob.bo/consulta/fonts/roboto-v19-vietnamese_latin-ext_greek-ext_cyrillic-ext_latin_cyrillic_greek-900italicd41d.eot]
[siat.impuestos.gob.bo/consulta/fonts/roboto-v19-vietnamese_latin-ext_greek-ext_cyrillic-ext_latin_cyrillic_greek-900italic.woff2]
[siat.impuestos.gob.bo/consulta/fonts/roboto-v19-vietnamese_latin-ext_greek-ext_cyrillic-ext_latin_cyrillic_greek-900italic.woff]
[siat.impuestos.gob.bo/consulta/fonts/roboto-v19-vietnamese_latin-ext_greek-ext_cyrillic-ext_latin_cyrillic_greek-900italic.ttf]
[siat.impuestos.gob.bo/consulta/fonts/exo-v8-latin-200.eot]
[siat.impuestos.gob.bo/consulta/fonts/exo-v8-latin-200d41d.eot]
[siat.impuestos.gob.bo/consulta/fonts/exo-v8-latin-200.woff2]
[siat.impuestos.gob.bo/consulta/fonts/exo-v8-latin-200.woff]
[siat.impuestos.gob.bo/consulta/fonts/exo-v8-latin-200.ttf]
[siat.impuestos.gob.bo/consulta/fonts/exo-v8-latin-regular.eot]
[siat.impuestos.gob.bo/consulta/fonts/exo-v8-latin-regulard41d.eot]
[siat.impuestos.gob.bo/consulta/fonts/exo-v8-latin-regular.woff2]
[siat.impuestos.gob.bo/consulta/fonts/exo-v8-latin-regular.woff]
[siat.impuestos.gob.bo/consulta/fonts/exo-v8-latin-regular.ttf]
[siat.impuestos.gob.bo/consulta/fonts/exo-v8-latin-300.eot]
[siat.impuestos.gob.bo/consulta/fonts/exo-v8-latin-300d41d.eot]
[siat.impuestos.gob.bo/consulta/fonts/exo-v8-latin-300.woff2]
[siat.impuestos.gob.bo/consulta/fonts/exo-v8-latin-300.woff]
[siat.impuestos.gob.bo/consulta/fonts/exo-v8-latin-300.ttf]
[siat.impuestos.gob.bo/consulta/fonts/exo-v8-latin-500.eot]
[siat.impuestos.gob.bo/consulta/fonts/exo-v8-latin-500d41d.eot]
[siat.impuestos.gob.bo/consulta/fonts/exo-v8-latin-500.woff2]
[siat.impuestos.gob.bo/consulta/fonts/exo-v8-latin-500.woff]
[siat.impuestos.gob.bo/consulta/fonts/exo-v8-latin-500.ttf]
[siat.impuestos.gob.bo/consulta/javax.faces.resource/images/ui-icons_454545_256x240.png2479.png]
[siat.impuestos.gob.bo/consulta/javax.faces.resource/images/ui-icons_ffffff_256x240.png2479.png]
[siat.impuestos.gob.bo/consulta/javax.faces.resource/images/ui-icons_222222_256x240.png2479.png]
[siat.impuestos.gob.bo/consulta/javax.faces.resource/images/ui-icons_cd0a0a_256x240.png2479.png]
[siat.impuestos.gob.bo/consulta/javax.faces.resource/images/ui-icon-arrow-right.png2479.png]
[siat.impuestos.gob.bo/consulta/javax.faces.resource/images/ui-icon-arrow-down.png2479.png]
[siat.impuestos.gob.bo/consulta/javax.faces.resource/theme.css2479.css]
[siat.impuestos.gob.bo/consulta/javax.faces.resource/images/ui-icons_2e83ff_256x240.png2479.png]
[siat.impuestos.gob.bo/consulta/javax.faces.resource/fa/fontawesome-webfont.eota5e3.xhtml]
[siat.impuestos.gob.bo/consulta/javax.faces.resource/fa/fontawesome-webfont.woff2a5e3.xhtml]
[siat.impuestos.gob.bo/consulta/javax.faces.resource/fa/fontawesome-webfont.woffa5e3.xhtml]
[siat.impuestos.gob.bo/consulta/javax.faces.resource/fa/fontawesome-webfont.ttfa5e3.xhtml]
[siat.impuestos.gob.bo/consulta/javax.faces.resource/fa/font-awesome.css47a8.css]
[siat.impuestos.gob.bo/consulta/javax.faces.resource/css/showcase2.cssf559.css]
[siat.impuestos.gob.bo/consulta/javax.faces.resource/css/navbar.cssf559.css]
[siat.impuestos.gob.bo/consulta/javax.faces.resource/css/ionicons.min.cssf559.css]
[siat.impuestos.gob.bo/consulta/javax.faces.resource/font-awesome/4.7.0/fonts/fontawesome-webfont.eot21a6.xhtml]
[siat.impuestos.gob.bo/consulta/javax.faces.resource/font-awesome/4.7.0/fonts/fontawesome-webfont.woff221a6.xhtml]
[siat.impuestos.gob.bo/consulta/javax.faces.resource/font-awesome/4.7.0/fonts/fontawesome-webfont.woff21a6.xhtml]
[siat.impuestos.gob.bo/consulta/javax.faces.resource/font-awesome/4.7.0/fonts/fontawesome-webfont.ttf21a6.xhtml]
[siat.impuestos.gob.bo/consulta/javax.faces.resource/font-awesome/4.7.0/css/font-awesome-jsf.cssb4a8.css]
[siat.impuestos.gob.bo/consulta/javax.faces.resource/datascroller/images/loading.gif47a8.gif]
[siat.impuestos.gob.bo/consulta/javax.faces.resource/spacer/dot_clear.gif47a8.gif]
[siat.impuestos.gob.bo/consulta/javax.faces.resource/forms/password-meter.png47a8.png]
[siat.impuestos.gob.bo/consulta/javax.faces.resource/messages/messages.png47a8.png]
[siat.impuestos.gob.bo/consulta/javax.faces.resource/lightbox/images/loading.gif47a8.gif]
[siat.impuestos.gob.bo/consulta/javax.faces.resource/outputpanel/images/loading.gif47a8.gif]
[siat.impuestos.gob.bo/consulta/javax.faces.resource/rating/rating.png47a8.png]
[siat.impuestos.gob.bo/consulta/javax.faces.resource/tree/images/line.gif47a8.gif]
[siat.impuestos.gob.bo/consulta/javax.faces.resource/components.css47a8.css]
[siat.impuestos.gob.bo/consulta/index.html]
[siat.impuestos.gob.bo/consulta/javax.faces.resource/dynamiccontent.propertiese9f5.html]
[siat.impuestos.gob.bo/consulta/fonts/roboto-condensed-v17-vietnamese_latin-ext_greek-ext_cyrillic-ext_latin_cyrillic_greek-300.svg]
[siat.impuestos.gob.bo/consulta/fonts/roboto-condensed-v17-vietnamese_latin-ext_greek-ext_cyrillic-ext_latin_cyrillic_greek-300italic.svg]
[siat.impuestos.gob.bo/consulta/fonts/roboto-condensed-v17-vietnamese_latin-ext_greek-ext_cyrillic-ext_latin_cyrillic_greek-regular.svg]
[siat.impuestos.gob.bo/consulta/fonts/roboto-condensed-v17-vietnamese_latin-ext_greek-ext_cyrillic-ext_latin_cyrillic_greek-italic.svg]
[siat.impuestos.gob.bo/consulta/fonts/roboto-condensed-v17-vietnamese_latin-ext_greek-ext_cyrillic-ext_latin_cyrillic_greek-700.svg]
[siat.impuestos.gob.bo/consulta/fonts/roboto-condensed-v17-vietnamese_latin-ext_greek-ext_cyrillic-ext_latin_cyrillic_greek-700italic.svg]
[siat.impuestos.gob.bo/consulta/fonts/roboto-v19-vietnamese_latin-ext_greek-ext_cyrillic-ext_latin_cyrillic_greek-100.svg]
[siat.impuestos.gob.bo/consulta/fonts/roboto-v19-vietnamese_latin-ext_greek-ext_cyrillic-ext_latin_cyrillic_greek-100italic.svg]
[siat.impuestos.gob.bo/consulta/fonts/roboto-v19-vietnamese_latin-ext_greek-ext_cyrillic-ext_latin_cyrillic_greek-300.svg]
[siat.impuestos.gob.bo/consulta/fonts/roboto-v19-vietnamese_latin-ext_greek-ext_cyrillic-ext_latin_cyrillic_greek-regular.svg]
[siat.impuestos.gob.bo/consulta/fonts/roboto-v19-vietnamese_latin-ext_greek-ext_cyrillic-ext_latin_cyrillic_greek-300italic.svg]
[siat.impuestos.gob.bo/consulta/fonts/roboto-v19-vietnamese_latin-ext_greek-ext_cyrillic-ext_latin_cyrillic_greek-italic.svg]
[siat.impuestos.gob.bo/consulta/fonts/roboto-v19-vietnamese_latin-ext_greek-ext_cyrillic-ext_latin_cyrillic_greek-500italic.svg]
[siat.impuestos.gob.bo/consulta/fonts/roboto-v19-vietnamese_latin-ext_greek-ext_cyrillic-ext_latin_cyrillic_greek-500.svg]
[siat.impuestos.gob.bo/consulta/fonts/roboto-v19-vietnamese_latin-ext_greek-ext_cyrillic-ext_latin_cyrillic_greek-700italic.svg]
[siat.impuestos.gob.bo/consulta/fonts/roboto-v19-vietnamese_latin-ext_greek-ext_cyrillic-ext_latin_cyrillic_greek-900.svg]
[siat.impuestos.gob.bo/consulta/fonts/roboto-v19-vietnamese_latin-ext_greek-ext_cyrillic-ext_latin_cyrillic_greek-700.svg]
[siat.impuestos.gob.bo/consulta/fonts/roboto-v19-vietnamese_latin-ext_greek-ext_cyrillic-ext_latin_cyrillic_greek-900italic.svg]
[siat.impuestos.gob.bo/consulta/fonts/exo-v8-latin-200.svg]
[siat.impuestos.gob.bo/consulta/fonts/exo-v8-latin-regular.svg]
[siat.impuestos.gob.bo/consulta/fonts/exo-v8-latin-300.svg]
[siat.impuestos.gob.bo/consulta/fonts/exo-v8-latin-500.svg]
[siat.impuestos.gob.bo/consulta/fonts/glyphicons-halflings-regular.html]
[siat.impuestos.gob.bo/consulta/fonts/glyphicons-halflings-regulard41d.html]
[siat.impuestos.gob.bo/consulta/fonts/glyphicons-halflings-regular-2.html]
[siat.impuestos.gob.bo/consulta/fonts/glyphicons-halflings-regular-3.html]
[siat.impuestos.gob.bo/consulta/fonts/glyphicons-halflings-regular-4.html]
[siat.impuestos.gob.bo/consulta/fonts/glyphicons-halflings-regular-5.html]
[siat.impuestos.gob.bo/consulta/javax.faces.resource/fa/fontawesome-webfont.eot1c49.html]
[siat.impuestos.gob.bo/consulta/javax.faces.resource/fa/fontawesome-webfont.svga5e3.svg]
[siat.impuestos.gob.bo/consulta/javax.faces.resource/fonts/ionicons28b5.html]
[siat.impuestos.gob.bo/consulta/javax.faces.resource/fonts/ionicons28b5-2.html]
[siat.impuestos.gob.bo/consulta/javax.faces.resource/fonts/ionicons28b5-3.html]
[siat.impuestos.gob.bo/consulta/javax.faces.resource/fonts/ionicons28b5-4.html]
[siat.impuestos.gob.bo/consulta/javax.faces.resource/font-awesome/4.7.0/fonts/fontawesome-webfont.eot6842.html]
[siat.impuestos.gob.bo/consulta/javax.faces.resource/font-awesome/4.7.0/fonts/fontawesome-webfont.svg21a6.svg]
